apiVersion: v1
data: {}
kind: Secret
metadata:
  annotations: {}
  labels:
    app.kubernetes.io/managed-by: commodore
    app.kubernetes.io/name: appuio-reporting
    app.kubernetes.io/part-of: syn
    name: odoo-credentials
  name: odoo-credentials
  namespace: appuio-reporting-aldebaran
stringData:
  client_id: null
  client_secret: null
  token_endpoint: null
type: Opaque
